There is a test
of source one
but source two
but the final source by source.
